2026-09-20 21:20:44 [INFO] notifier: [PUSH] 【止盈激活】TEST 成本 10.0000 现价 10.6000 盈利 6.00%
2026-09-20 21:20:44 [INFO] notifier: [PUSH] 【盈利提醒】TEST 盈利 6.00% 最高价 10.6000
2026-09-20 21:20:44 [INFO] notifier: [PUSH] 【盈利提醒】TEST 盈利 8.00% 最高价 10.8000
2026-09-20 21:32:34 [INFO] sell: 已加载动态止盈表 136 行，最低档 (0.065, 0.015) 最高档 (0.2, 0.0015)
2026-09-20 21:32:34 [INFO] notifier: [PUSH] 【止盈激活】TEST 成本 10.0000 现价 10.6000 盈利 6.00%
2026-09-20 21:32:34 [INFO] notifier: [PUSH] 【盈利提醒】TEST 盈利 6.00% 最高价 10.6000
2026-09-20 21:32:34 [INFO] notifier: [PUSH] 【盈利提醒】TEST 盈利 8.00% 最高价 10.8000
2026-09-20 21:44:54 [INFO] sell: 已加载动态止盈表 136 行，最低档 (0.065, 0.014) 最高档 (0.2, 0.0015)
2026-09-20 21:44:55 [INFO] notifier: [PUSH] 【止盈激活】TEST 成本 10.0000 现价 10.6000 盈利 6.00%
2026-09-20 21:44:55 [INFO] notifier: [PUSH] 【盈利提醒】TEST 盈利 6.00% 最高价 10.6000
2026-09-20 21:44:55 [INFO] notifier: [PUSH] 【盈利提醒】TEST 盈利 8.00% 最高价 10.8000
2026-09-20 21:44:55 [INFO] notifier: [PUSH] 【止盈激活】TEST2 成本 10.0000 现价 11.2000 盈利 12.00%
2026-09-20 21:44:55 [INFO] notifier: [PUSH] 【盈利提醒】TEST2 盈利 12.00% 最高价 11.2000
2026-09-20 21:44:55 [INFO] notifier: [PUSH] 【止盈激活】TEST3 成本 10.0000 现价 10.5500 盈利 5.50%
2026-09-20 21:44:55 [INFO] notifier: [PUSH] 【盈利提醒】TEST3 盈利 5.50% 最高价 10.5500
2026-09-20 22:08:33 [INFO] ibkr: 已连接 IBKR 127.0.0.1:4002 账户 ['DUQ670663']
2026-09-20 22:14:03 [INFO] sell: 已加载动态止盈表 136 行，最低档 (0.065, 0.014) 最高档 (0.2, 0.0015)
2026-09-20 22:14:04 [INFO] main: === IBKR 自动交易程序启动 ===
2026-09-20 22:21:19 [INFO] sell: 已加载动态止盈表 136 行，最低档 (0.065, 0.014) 最高档 (0.2, 0.0015)
2026-09-20 22:21:19 [INFO] main: === IBKR 自动交易程序启动 ===
2026-09-20 22:21:19 [INFO] main: 股票池 0 支；黑名单 0；静默期 0
2026-09-20 22:21:19 [INFO] ibkr: 已连接 IBKR 127.0.0.1:4002 账户 ['DUQ670663']
2026-09-20 22:21:19 [INFO] main: 非交易时段，休眠到下一个开盘
2026-09-20 22:21:58 [INFO] main: 收到 Ctrl+C，退出
2026-09-20 22:47:01 [INFO] sell: 已加载动态止盈表 136 行，最低档 (0.065, 0.014) 最高档 (0.2, 0.0015)
2026-09-20 22:47:01 [INFO] main: === IBKR 自动交易程序启动 ===
2026-09-20 22:47:01 [INFO] main: 股票池 2 支；黑名单 0；静默期 0
2026-09-20 22:47:02 [INFO] ibkr: 已连接 IBKR 127.0.0.1:4002 账户 ['DUQ670663']
2026-09-20 22:47:02 [INFO] main: 股票池 2 支；黑名单 0；静默期 0
2026-09-20 22:47:02 [INFO] main: 美股持仓 1 支: ['AAPL']
2026-09-20 22:47:02 [INFO] main: 卖出开关关闭
2026-09-20 22:47:02 [INFO] main: 买入开关关闭
2026-09-20 22:47:32 [INFO] main: 股票池 2 支；黑名单 0；静默期 0
2026-09-20 22:47:32 [INFO] main: 美股持仓 1 支: ['AAPL']
2026-09-20 22:47:32 [INFO] main: 卖出开关关闭
2026-09-20 22:47:32 [INFO] main: 买入开关关闭
2026-09-20 22:47:51 [INFO] main: 收到 Ctrl+C，退出
2026-09-20 22:48:12 [INFO] sell: 已加载动态止盈表 136 行，最低档 (0.065, 0.014) 最高档 (0.2, 0.0015)
2026-09-20 22:48:12 [INFO] main: === IBKR 自动交易程序启动 ===
2026-09-20 22:48:12 [INFO] main: 股票池 2 支；黑名单 0；静默期 0
2026-09-20 22:48:12 [INFO] ibkr: 已连接 IBKR 127.0.0.1:4002 账户 ['DUQ670663']
2026-09-20 22:48:12 [INFO] main: 股票池 2 支；黑名单 0；静默期 0
2026-09-20 22:48:12 [INFO] main: 美股持仓 1 支: ['AAPL']
2026-09-20 22:48:12 [INFO] main: 卖出开关关闭
2026-09-20 22:48:12 [INFO] main: 买入开关关闭
2026-09-20 22:48:27 [INFO] main: 收到 Ctrl+C，退出
2026-09-20 22:55:48 [INFO] sell: 已加载动态止盈表 136 行，最低档 (0.065, 0.014) 最高档 (0.2, 0.0015)
2026-09-20 22:55:48 [INFO] main: === IBKR 自动交易程序启动 ===
2026-09-20 22:55:48 [INFO] main: 股票池 13 支；黑名单 0；静默期 0
2026-09-20 22:55:49 [INFO] ibkr: 已连接 IBKR 127.0.0.1:4002 账户 ['DUQ670663']
2026-09-20 22:55:49 [INFO] main: 股票池 13 支；黑名单 0；静默期 0
2026-09-20 22:55:49 [INFO] main: 美股持仓 1 支: ['AAPL']
2026-09-20 22:55:49 [INFO] main: 卖出开关关闭
2026-09-20 22:55:49 [INFO] main: 买入开关关闭
2026-09-20 22:56:13 [INFO] main: 收到 Ctrl+C，退出
2026-09-20 22:58:45 [INFO] sell: 已加载动态止盈表 136 行，最低档 (0.065, 0.014) 最高档 (0.2, 0.0015)
2026-09-20 22:58:46 [INFO] main: === IBKR 自动交易程序启动 ===
2026-09-20 22:58:46 [INFO] main: 股票池 13 支；黑名单 0；静默期 0
2026-09-20 22:58:46 [INFO] ibkr: 已连接 IBKR 127.0.0.1:4002 账户 ['DUQ670663']
2026-09-20 22:58:46 [INFO] main: 股票池 13 支；黑名单 0；静默期 0
2026-09-20 22:58:46 [INFO] main: 美股持仓 1 支: ['AAPL']
2026-09-20 22:58:47 [INFO] main: [SELL] AAPL 现价nan -> hold (未激活)
2026-09-20 22:58:48 [INFO] main: 账户余额 808629.96 USD
2026-09-20 22:58:49 [INFO] main: [BUY] ORGO 现价nan -> hold (未激活)
2026-09-20 22:58:50 [INFO] main: [BUY] CABO 现价nan -> hold (未激活)
2026-09-20 22:58:51 [INFO] main: [BUY] BJDX 现价nan -> hold (未激活)
2026-09-20 22:58:52 [INFO] main: [BUY] ACGN 现价nan -> hold (未激活)
2026-09-20 22:58:54 [INFO] main: [BUY] HKIT 现价nan -> hold (未激活)
2026-09-20 22:58:55 [INFO] main: [BUY] CODX 现价nan -> hold (未激活)
2026-09-20 22:58:56 [INFO] main: [BUY] LIMN 现价nan -> hold (未激活)
2026-09-20 22:58:58 [INFO] main: [BUY] JUNS 现价nan -> hold (未激活)
2026-09-20 22:58:59 [INFO] main: [BUY] ICCM 现价nan -> hold (未激活)
2026-09-20 22:59:00 [INFO] main: [BUY] WETO 现价nan -> hold (未激活)
2026-09-20 22:59:01 [INFO] main: [BUY] MSAI 现价nan -> hold (未激活)
2026-09-20 22:59:03 [INFO] main: [BUY] ANVS 现价nan -> hold (未激活)
2026-09-20 22:59:04 [INFO] main: [BUY] REKR 现价nan -> hold (未激活)
2026-09-20 22:59:34 [INFO] main: 股票池 13 支；黑名单 0；静默期 0
2026-09-20 22:59:34 [INFO] main: 美股持仓 1 支: ['AAPL']
2026-09-20 22:59:35 [INFO] main: [SELL] AAPL 现价nan -> hold (未激活)
2026-09-20 22:59:35 [INFO] main: 账户余额 808629.96 USD
2026-09-20 22:59:36 [INFO] main: [BUY] ORGO 现价nan -> hold (未激活)
2026-09-20 22:59:37 [INFO] main: [BUY] CABO 现价nan -> hold (未激活)
2026-09-20 22:59:39 [INFO] main: [BUY] BJDX 现价nan -> hold (未激活)
2026-09-20 22:59:39 [INFO] main: 收到 Ctrl+C，退出
2026-09-20 23:07:37 [INFO] sell: 已加载动态止盈表 136 行，最低档 (0.065, 0.014) 最高档 (0.2, 0.0015)
2026-09-20 23:07:38 [INFO] main: === IBKR 自动交易程序启动 ===
2026-09-20 23:07:38 [INFO] main: 股票池 13 支；黑名单 0；静默期 0
2026-09-20 23:07:38 [INFO] ibkr: 已连接 IBKR 127.0.0.1:4002 账户 ['DUQ670663']
2026-09-20 23:09:48 [INFO] sell: 已加载动态止盈表 136 行，最低档 (0.065, 0.014) 最高档 (0.2, 0.0015)
2026-09-20 23:09:48 [INFO] main: === IBKR 自动交易程序启动 ===
2026-09-20 23:09:48 [INFO] main: 股票池 13 支；黑名单 0；静默期 0
2026-09-20 23:09:48 [INFO] ibkr: 已连接 IBKR 127.0.0.1:4002 账户 ['DUQ670663']
2026-09-20 23:09:48 [INFO] ibkr: 行情类型: 3 (Delayed)
2026-09-20 23:09:48 [INFO] main: 股票池 13 支；黑名单 0；静默期 0
2026-09-20 23:09:48 [INFO] main: 美股持仓 1 支: ['AAPL']
2026-09-20 23:09:50 [WARNING] ibkr: AAPL 无有效价格 (ticker=Ticker(contract=Stock(conId=265598, symbol='AAPL', exchange='SMART', primaryExchange='NASDAQ', currency='USD', localSymbol='AAPL', tradingClass='NMS')))
2026-09-20 23:09:50 [WARNING] main: AAPL 行情为空
2026-09-20 23:09:50 [INFO] main: 账户余额 808629.96 USD
2026-09-20 23:09:52 [WARNING] ibkr: ORGO 无有效价格 (ticker=Ticker(contract=Stock(conId=345965276, symbol='ORGO', exchange='SMART', primaryExchange='NASDAQ', currency='USD', localSymbol='ORGO', tradingClass='SCM'), marketDataType=3))
2026-09-20 23:09:52 [WARNING] main: ORGO 行情为空
2026-09-20 23:09:53 [INFO] main: [BUY] CABO 现价17.4200 -> hold (未满足回弹)
2026-09-20 23:09:55 [INFO] main: [BUY] BJDX 现价0.9400 -> hold (未激活)
2026-09-20 23:09:55 [WARNING] ibkr: ACGN 合约无效，跳过
2026-09-20 23:09:55 [WARNING] main: ACGN 行情为空
2026-09-20 23:09:56 [INFO] main: [BUY] HKIT 现价2.5000 -> hold (未激活)
2026-09-20 23:09:58 [INFO] main: [BUY] CODX 现价0.9800 -> hold (未激活)
2026-09-20 23:10:00 [INFO] main: [BUY] LIMN 现价3.4000 -> hold (未满足回弹)
2026-09-20 23:10:01 [INFO] main: [BUY] JUNS 现价2.8600 -> hold (未满足回弹)
2026-09-20 23:10:03 [INFO] main: [BUY] ICCM 现价1.9800 -> hold (未满足回弹)
2026-09-20 23:10:04 [INFO] main: [BUY] WETO 现价1.6200 -> hold (未满足回弹)
2026-09-20 23:10:06 [INFO] main: [BUY] MSAI 现价4.7000 -> hold (未激活)
2026-09-20 23:10:08 [INFO] main: [BUY] ANVS 现价1.1600 -> hold (未激活)
2026-09-20 23:10:09 [INFO] main: [BUY] REKR 现价0.4400 -> hold (未激活)
2026-09-20 23:10:39 [INFO] main: 股票池 13 支；黑名单 0；静默期 0
2026-09-20 23:10:39 [INFO] main: 美股持仓 1 支: ['AAPL']
2026-09-20 23:10:41 [INFO] notifier: [PUSH] 【止盈激活】AAPL 成本 306.9286 现价 334.8700 盈利 9.10%
2026-09-20 23:10:41 [INFO] notifier: [PUSH] 【盈利提醒】AAPL 盈利 9.10% 最高价 334.8700
2026-09-20 23:10:41 [INFO] main: [SELL] AAPL 现价334.8700 -> hold (持有 盈利9.10%)
2026-09-20 23:10:41 [INFO] main: 账户余额 808629.96 USD
2026-09-20 23:10:42 [INFO] main: [BUY] ORGO 现价1.4400 -> hold (未激活)
2026-09-20 23:10:44 [INFO] main: [BUY] CABO 现价17.4200 -> hold (未满足回弹)
2026-09-20 23:10:45 [INFO] main: [BUY] BJDX 现价0.9400 -> hold (未激活)
2026-09-20 23:10:45 [WARNING] main: ACGN 行情为空
2026-09-20 23:10:47 [INFO] main: [BUY] HKIT 现价2.5000 -> hold (未激活)
2026-09-20 23:10:48 [INFO] main: [BUY] CODX 现价0.9800 -> hold (未激活)
2026-09-20 23:10:50 [INFO] main: [BUY] LIMN 现价3.4000 -> hold (未满足回弹)
2026-09-20 23:10:51 [INFO] main: [BUY] JUNS 现价2.8600 -> hold (未满足回弹)
2026-09-20 23:10:53 [INFO] main: [BUY] ICCM 现价1.9800 -> hold (未满足回弹)
2026-09-20 23:10:54 [INFO] main: [BUY] WETO 现价1.6200 -> hold (未满足回弹)
2026-09-20 23:10:56 [INFO] main: [BUY] MSAI 现价4.7000 -> hold (未激活)
2026-09-20 23:10:58 [INFO] main: [BUY] ANVS 现价1.1600 -> hold (未激活)
2026-09-20 23:10:59 [INFO] main: [BUY] REKR 现价0.4400 -> hold (未激活)
2026-09-20 23:11:04 [INFO] main: 收到 Ctrl+C，退出
2026-09-20 23:28:46 [INFO] sell: 已加载动态止盈表 136 行，最低档 (0.065, 0.014) 最高档 (0.2, 0.0015)
2026-09-20 23:28:47 [INFO] main: === IBKR 自动交易程序启动 ===
2026-09-20 23:28:47 [INFO] main: 股票池 13 支；黑名单 0；静默期 0；无效合约 0
2026-09-20 23:28:47 [INFO] main: 股票池示例: ['ORGO', 'CABO', 'BJDX', 'ACGN', 'HKIT']
2026-09-20 23:28:47 [INFO] ibkr: 已连接 IBKR 127.0.0.1:4002 账户 ['DUQ670663']
2026-09-20 23:28:47 [INFO] ibkr: 行情类型: 3 (Delayed)
2026-09-20 23:28:47 [INFO] main: 股票池 13 支；黑名单 0；静默期 0；无效合约 0
2026-09-20 23:28:47 [INFO] main: 股票池示例: ['ORGO', 'CABO', 'BJDX', 'ACGN', 'HKIT']
2026-09-20 23:28:47 [INFO] main: 美股持仓 1 支: ['AAPL']
2026-09-20 23:28:47 [ERROR] main: AAPL 行情获取失败: 'IBKRClient' object has no attribute '_invalid'
2026-09-20 23:28:47 [INFO] main: 账户余额 808629.96 USD
2026-09-20 23:28:47 [ERROR] main: ORGO 行情获取失败: 'IBKRClient' object has no attribute '_invalid'
2026-09-20 23:28:47 [ERROR] main: CABO 行情获取失败: 'IBKRClient' object has no attribute '_invalid'
2026-09-20 23:28:47 [ERROR] main: BJDX 行情获取失败: 'IBKRClient' object has no attribute '_invalid'
2026-09-20 23:28:47 [ERROR] main: ACGN 行情获取失败: 'IBKRClient' object has no attribute '_invalid'
2026-09-20 23:28:47 [ERROR] main: HKIT 行情获取失败: 'IBKRClient' object has no attribute '_invalid'
2026-09-20 23:28:47 [ERROR] main: CODX 行情获取失败: 'IBKRClient' object has no attribute '_invalid'
2026-09-20 23:28:47 [ERROR] main: LIMN 行情获取失败: 'IBKRClient' object has no attribute '_invalid'
2026-09-20 23:28:47 [ERROR] main: JUNS 行情获取失败: 'IBKRClient' object has no attribute '_invalid'
2026-09-20 23:28:47 [ERROR] main: ICCM 行情获取失败: 'IBKRClient' object has no attribute '_invalid'
2026-09-20 23:28:47 [ERROR] main: WETO 行情获取失败: 'IBKRClient' object has no attribute '_invalid'
2026-09-20 23:28:47 [ERROR] main: MSAI 行情获取失败: 'IBKRClient' object has no attribute '_invalid'
2026-09-20 23:28:47 [ERROR] main: ANVS 行情获取失败: 'IBKRClient' object has no attribute '_invalid'
2026-09-20 23:28:47 [ERROR] main: REKR 行情获取失败: 'IBKRClient' object has no attribute '_invalid'
2026-09-20 23:28:55 [INFO] main: 收到 Ctrl+C，退出
2026-09-20 23:30:43 [INFO] sell: 已加载动态止盈表 136 行，最低档 (0.065, 0.014) 最高档 (0.2, 0.0015)
2026-09-20 23:30:44 [INFO] main: === IBKR 自动交易程序启动 ===
2026-09-20 23:30:44 [INFO] main: 股票池 13 支；黑名单 0；静默期 0；无效合约 0
2026-09-20 23:30:44 [INFO] main: 股票池示例: ['ORGO', 'CABO', 'BJDX', 'ACGN', 'HKIT']
2026-09-20 23:30:44 [INFO] ibkr: 已连接 IBKR 127.0.0.1:4002 账户 ['DUQ670663']
2026-09-20 23:30:44 [INFO] ibkr: 行情类型: 3 (Delayed)
2026-09-20 23:30:44 [INFO] main: 股票池 13 支；黑名单 0；静默期 0；无效合约 0
2026-09-20 23:30:44 [INFO] main: 股票池示例: ['ORGO', 'CABO', 'BJDX', 'ACGN', 'HKIT']
2026-09-20 23:30:44 [INFO] main: 美股持仓 1 支: ['AAPL']
2026-09-20 23:30:48 [INFO] notifier: [PUSH] 【止盈激活】AAPL 成本 306.9286 现价 334.8700 盈利 9.10%
2026-09-20 23:30:48 [INFO] notifier: [PUSH] 【盈利提醒】AAPL 盈利 9.10% 最高价 334.8700
2026-09-20 23:30:48 [INFO] main: [SELL] AAPL 现价334.8700 -> hold (持有 盈利9.10%)
2026-09-20 23:30:48 [INFO] main: 账户余额 808629.96 USD
2026-09-20 23:30:50 [INFO] main: [BUY] ORGO 现价1.4400 -> hold (未激活)
2026-09-20 23:30:52 [INFO] main: [BUY] CABO 现价17.4200 -> hold (未满足回弹)
2026-09-20 23:30:54 [INFO] main: [BUY] BJDX 现价0.9400 -> hold (未激活)
2026-09-20 23:30:55 [WARNING] ibkr: ACGN 合约无效，加入黑名单
2026-09-20 23:30:55 [WARNING] main: ACGN 行情为空
2026-09-20 23:30:57 [INFO] main: [BUY] HKIT 现价2.5000 -> hold (未激活)
2026-09-20 23:30:59 [INFO] main: [BUY] CODX 现价0.9800 -> hold (未激活)
2026-09-20 23:31:01 [INFO] main: [BUY] LIMN 现价3.4000 -> hold (未满足回弹)
2026-09-20 23:31:03 [INFO] main: [BUY] JUNS 现价2.8600 -> hold (未满足回弹)
2026-09-20 23:31:05 [INFO] main: [BUY] ICCM 现价1.9800 -> hold (未满足回弹)
2026-09-20 23:31:07 [INFO] main: [BUY] WETO 现价1.6200 -> hold (未满足回弹)
2026-09-20 23:31:09 [INFO] main: [BUY] MSAI 现价4.7000 -> hold (未激活)
2026-09-20 23:31:10 [INFO] main: 收到 Ctrl+C，退出
2026-09-20 23:32:40 [INFO] sell: 已加载动态止盈表 136 行，最低档 (0.065, 0.014) 最高档 (0.2, 0.0015)
2026-09-20 23:32:40 [INFO] main: === IBKR 自动交易程序启动 ===
2026-09-20 23:32:40 [INFO] main: 股票池 13 支；黑名单 0；静默期 0；无效合约 0
2026-09-20 23:32:40 [INFO] main: 股票池示例: ['ORGO', 'CABO', 'BJDX', 'ACGN', 'HKIT']
2026-09-20 23:32:40 [INFO] ibkr: 已连接 IBKR 127.0.0.1:4002 账户 ['DUQ670663']
2026-09-20 23:32:40 [INFO] ibkr: 行情类型: 3 (Delayed)
2026-09-20 23:32:40 [INFO] main: 股票池 13 支；黑名单 0；静默期 0；无效合约 0
2026-09-20 23:32:40 [INFO] main: 股票池示例: ['ORGO', 'CABO', 'BJDX', 'ACGN', 'HKIT']
2026-09-20 23:32:40 [INFO] main: 美股持仓 1 支: ['AAPL']
2026-09-20 23:32:42 [INFO] notifier: [PUSH] 【止盈激活】AAPL 成本 306.9286 现价 334.8700 盈利 9.10%
2026-09-20 23:32:42 [INFO] notifier: [PUSH] 【盈利提醒】AAPL 盈利 9.10% 最高价 334.8700
2026-09-20 23:32:42 [INFO] main: [SELL] AAPL 现价334.8700 -> hold (持有 盈利9.10%)
2026-09-20 23:32:43 [INFO] main: 账户余额 808629.96 USD
2026-09-20 23:32:45 [INFO] main: [BUY] ORGO 现价1.4400 -> hold (未激活)
2026-09-20 23:32:47 [INFO] main: [BUY] CABO 现价17.4200 -> hold (未满足回弹)
2026-09-20 23:32:49 [INFO] main: [BUY] BJDX 现价0.9400 -> hold (未激活)
2026-09-20 23:32:49 [WARNING] main: ACGN 行情为空
2026-09-20 23:32:51 [INFO] main: [BUY] HKIT 现价2.5000 -> hold (未激活)
2026-09-20 23:32:53 [INFO] main: [BUY] CODX 现价0.9800 -> hold (未激活)
2026-09-20 23:32:55 [INFO] main: [BUY] LIMN 现价3.4000 -> hold (未满足回弹)
2026-09-20 23:32:57 [INFO] main: [BUY] JUNS 现价2.8600 -> hold (未满足回弹)
2026-09-20 23:32:59 [INFO] main: [BUY] ICCM 现价1.9800 -> hold (未满足回弹)
2026-09-20 23:33:01 [INFO] main: [BUY] WETO 现价1.6200 -> hold (未满足回弹)
2026-09-20 23:33:04 [INFO] main: [BUY] MSAI 现价4.7000 -> hold (未激活)
2026-09-20 23:33:06 [INFO] main: [BUY] ANVS 现价1.1600 -> hold (未激活)
2026-09-20 23:33:08 [INFO] main: [BUY] REKR 现价0.4400 -> hold (未激活)
2026-09-20 23:33:38 [INFO] main: 股票池 13 支；黑名单 0；静默期 0；无效合约 0
2026-09-20 23:33:38 [INFO] main: 股票池示例: ['ORGO', 'CABO', 'BJDX', 'ACGN', 'HKIT']
2026-09-20 23:33:38 [INFO] main: 美股持仓 1 支: ['AAPL']
2026-09-20 23:33:40 [INFO] main: [SELL] AAPL 现价334.8700 -> hold (持有 盈利9.10%)
2026-09-20 23:33:40 [INFO] main: 账户余额 808629.96 USD
2026-09-20 23:33:42 [INFO] main: [BUY] ORGO 现价1.4400 -> hold (未激活)
2026-09-20 23:33:44 [INFO] main: [BUY] CABO 现价17.4200 -> hold (未满足回弹)
2026-09-20 23:33:46 [INFO] main: [BUY] BJDX 现价0.9400 -> hold (未激活)
2026-09-20 23:33:46 [WARNING] main: ACGN 行情为空
2026-09-20 23:33:48 [INFO] main: [BUY] HKIT 现价2.5000 -> hold (未激活)
2026-09-20 23:33:50 [INFO] main: [BUY] CODX 现价0.9800 -> hold (未激活)
2026-09-20 23:33:52 [INFO] main: [BUY] LIMN 现价3.4000 -> hold (未满足回弹)
2026-09-20 23:33:54 [INFO] main: [BUY] JUNS 现价2.8600 -> hold (未满足回弹)
2026-09-20 23:33:56 [INFO] main: [BUY] ICCM 现价1.9800 -> hold (未满足回弹)
2026-09-20 23:33:58 [INFO] main: [BUY] WETO 现价1.6200 -> hold (未满足回弹)
2026-09-20 23:34:00 [INFO] main: [BUY] MSAI 现价4.7000 -> hold (未激活)
2026-09-20 23:34:02 [INFO] main: [BUY] ANVS 现价1.1600 -> hold (未激活)
2026-09-20 23:34:04 [INFO] main: [BUY] REKR 现价0.4400 -> hold (未激活)
2026-09-20 23:34:34 [INFO] main: 股票池 13 支；黑名单 0；静默期 0；无效合约 0
2026-09-20 23:34:34 [INFO] main: 股票池示例: ['ORGO', 'CABO', 'BJDX', 'ACGN', 'HKIT']
2026-09-20 23:34:34 [INFO] main: 美股持仓 1 支: ['AAPL']
2026-09-20 23:34:36 [INFO] main: [SELL] AAPL 现价334.8700 -> hold (持有 盈利9.10%)
2026-09-20 23:34:36 [INFO] main: 账户余额 808629.96 USD
2026-09-20 23:34:38 [INFO] main: [BUY] ORGO 现价1.4400 -> hold (未激活)
2026-09-20 23:34:40 [INFO] main: [BUY] CABO 现价17.4200 -> hold (未满足回弹)
2026-09-20 23:34:42 [INFO] main: [BUY] BJDX 现价0.9400 -> hold (未激活)
2026-09-20 23:34:42 [WARNING] main: ACGN 行情为空
2026-09-20 23:34:44 [INFO] main: [BUY] HKIT 现价2.5000 -> hold (未激活)
2026-09-20 23:34:46 [INFO] main: [BUY] CODX 现价0.9800 -> hold (未激活)
2026-09-20 23:34:48 [INFO] main: [BUY] LIMN 现价3.4000 -> hold (未满足回弹)
2026-09-20 23:34:50 [INFO] main: [BUY] JUNS 现价2.8600 -> hold (未满足回弹)
2026-09-20 23:34:52 [INFO] main: [BUY] ICCM 现价1.9800 -> hold (未满足回弹)
2026-09-20 23:34:54 [INFO] main: [BUY] WETO 现价1.6200 -> hold (未满足回弹)
2026-09-20 23:34:56 [INFO] main: [BUY] MSAI 现价4.7000 -> hold (未激活)
2026-09-20 23:34:58 [INFO] main: [BUY] ANVS 现价1.1600 -> hold (未激活)
2026-09-20 23:35:00 [INFO] main: [BUY] REKR 现价0.4400 -> hold (未激活)
2026-09-20 23:35:03 [INFO] main: 收到 Ctrl+C，退出
2026-09-20 23:46:17 [INFO] sell: 已加载动态止盈表 136 行，最低档 (0.065, 0.014) 最高档 (0.2, 0.0015)
2026-09-20 23:46:17 [INFO] main: === IBKR 自动交易程序启动 ===
2026-09-20 23:48:22 [INFO] sell: 已加载动态止盈表 136 行，最低档 (0.065, 0.014) 最高档 (0.2, 0.0015)
2026-09-20 23:48:22 [INFO] main: === IBKR 自动交易程序启动 ===
2026-09-20 23:48:22 [INFO] ibkr: IBKRClient 加载无效合约 1 条: {'ACGN'}
2026-09-20 23:48:23 [WARNING] ibkr: ORGO qualifyContracts 失败: Not connected
2026-09-20 23:48:23 [WARNING] ibkr: CABO qualifyContracts 失败: Not connected
2026-09-20 23:48:23 [WARNING] ibkr: BJDX qualifyContracts 失败: Not connected
2026-09-20 23:48:23 [WARNING] ibkr: HKIT qualifyContracts 失败: Not connected
2026-09-20 23:48:23 [WARNING] ibkr: CODX qualifyContracts 失败: Not connected
2026-09-20 23:48:23 [WARNING] ibkr: LIMN qualifyContracts 失败: Not connected
2026-09-20 23:48:23 [WARNING] ibkr: JUNS qualifyContracts 失败: Not connected
2026-09-20 23:48:23 [WARNING] ibkr: ICCM qualifyContracts 失败: Not connected
2026-09-20 23:48:23 [WARNING] ibkr: WETO qualifyContracts 失败: Not connected
2026-09-20 23:48:23 [WARNING] ibkr: MSAI qualifyContracts 失败: Not connected
2026-09-20 23:48:23 [WARNING] ibkr: ANVS qualifyContracts 失败: Not connected
2026-09-20 23:48:23 [WARNING] ibkr: REKR qualifyContracts 失败: Not connected
2026-09-20 23:48:23 [INFO] main: 股票池 0 支；黑名单 0；静默期 0；无效合约 1
2026-09-20 23:48:23 [INFO] ibkr: 已连接 IBKR 127.0.0.1:4002 账户 ['DUQ670663']
2026-09-20 23:48:23 [INFO] ibkr: 行情类型: 3 (Delayed)
2026-09-20 23:48:23 [INFO] main: 股票池 0 支；黑名单 0；静默期 0；无效合约 13
2026-09-20 23:48:23 [INFO] main: 美股持仓 1 支: ['AAPL']
2026-09-20 23:48:27 [INFO] notifier: [PUSH] 【止盈激活】AAPL 成本 306.9286 现价 334.8700 盈利 9.10%
2026-09-20 23:48:27 [INFO] notifier: [PUSH] 【盈利提醒】AAPL 盈利 9.10% 最高价 334.8700
2026-09-20 23:48:27 [INFO] main: [SELL] AAPL 现价334.8700 -> hold (持有 盈利9.10%)
2026-09-20 23:48:27 [INFO] main: 股票池为空
2026-09-20 23:48:37 [INFO] main: 收到 Ctrl+C，退出
2026-09-20 23:50:21 [INFO] sell: 已加载动态止盈表 136 行，最低档 (0.065, 0.014) 最高档 (0.2, 0.0015)
2026-09-20 23:50:21 [INFO] main: === IBKR 自动交易程序启动 ===
2026-09-20 23:50:21 [INFO] ibkr: IBKRClient 加载无效合约 13 条: {'HKIT', 'WETO', 'MSAI', 'BJDX', 'LIMN', 'CODX', 'ORGO', 'ICCM', 'ANVS', 'REKR', 'JUNS', 'ACGN', 'CABO'}
2026-09-20 23:50:21 [INFO] main: 股票池 0 支；黑名单 0；静默期 0；无效合约 13
2026-09-20 23:50:22 [INFO] ibkr: 已连接 IBKR 127.0.0.1:4002 账户 ['DUQ670663']
2026-09-20 23:50:22 [INFO] ibkr: 行情类型: 3 (Delayed)
2026-09-20 23:50:22 [INFO] main: 股票池 0 支；黑名单 0；静默期 0；无效合约 13
2026-09-20 23:50:22 [INFO] main: 美股持仓 1 支: ['AAPL']
2026-09-20 23:50:26 [INFO] notifier: [PUSH] 【止盈激活】AAPL 成本 306.9286 现价 334.8700 盈利 9.10%
2026-09-20 23:50:26 [INFO] notifier: [PUSH] 【盈利提醒】AAPL 盈利 9.10% 最高价 334.8700
2026-09-20 23:50:26 [INFO] main: [SELL] AAPL 现价334.8700 -> hold (持有 盈利9.10%)
2026-09-20 23:50:26 [INFO] main: 股票池为空
2026-09-20 23:50:56 [INFO] main: 股票池 0 支；黑名单 0；静默期 0；无效合约 13
2026-09-20 23:50:56 [INFO] main: 美股持仓 1 支: ['AAPL']
2026-09-20 23:50:58 [INFO] main: [SELL] AAPL 现价334.8700 -> hold (持有 盈利9.10%)
2026-09-20 23:50:58 [INFO] main: 股票池为空
2026-09-20 23:51:28 [INFO] main: 股票池 0 支；黑名单 0；静默期 0；无效合约 13
2026-09-20 23:51:28 [INFO] main: 美股持仓 1 支: ['AAPL']
2026-09-20 23:51:30 [INFO] main: [SELL] AAPL 现价334.8700 -> hold (持有 盈利9.10%)
2026-09-20 23:51:30 [INFO] main: 股票池为空
2026-09-20 23:52:00 [INFO] main: 股票池 0 支；黑名单 0；静默期 0；无效合约 13
2026-09-20 23:52:00 [INFO] main: 美股持仓 1 支: ['AAPL']
2026-09-20 23:52:02 [INFO] main: [SELL] AAPL 现价334.8700 -> hold (持有 盈利9.10%)
2026-09-20 23:52:02 [INFO] main: 股票池为空
2026-09-20 23:52:32 [INFO] main: 股票池 0 支；黑名单 0；静默期 0；无效合约 13
2026-09-20 23:52:32 [INFO] main: 美股持仓 1 支: ['AAPL']
2026-09-20 23:52:34 [INFO] main: [SELL] AAPL 现价334.8700 -> hold (持有 盈利9.10%)
2026-09-20 23:52:34 [INFO] main: 股票池为空
2026-09-20 23:53:05 [INFO] main: 股票池 0 支；黑名单 0；静默期 0；无效合约 13
2026-09-20 23:53:05 [INFO] main: 美股持仓 1 支: ['AAPL']
2026-09-20 23:53:07 [INFO] main: [SELL] AAPL 现价334.8700 -> hold (持有 盈利9.10%)
2026-09-20 23:53:07 [INFO] main: 股票池为空
2026-09-20 23:53:25 [INFO] main: 收到 Ctrl+C，退出
2026-09-21 00:01:02 [INFO] sell: 已加载动态止盈表 136 行，最低档 (0.065, 0.014) 最高档 (0.2, 0.0015)
2026-09-21 00:01:02 [INFO] main: === IBKR 自动交易程序启动 ===
2026-09-21 00:01:02 [INFO] ibkr: IBKRClient 加载无效合约 1 条: {'ACGN'}
2026-09-21 00:01:02 [INFO] ibkr: 已连接 IBKR 127.0.0.1:4002 账户 ['DUQ670663']
2026-09-21 00:01:02 [INFO] ibkr: 行情类型: 3 (Delayed)
2026-09-21 00:01:04 [INFO] main: 股票池 12 支；黑名单 0；静默期 0；无效合约 1
2026-09-21 00:01:04 [INFO] main: 股票池示例: ['ORGO', 'CABO', 'BJDX', 'HKIT', 'CODX']
2026-09-21 00:01:04 [INFO] main: 股票池 12 支；黑名单 0；静默期 0；无效合约 1
2026-09-21 00:01:04 [INFO] main: 股票池示例: ['ORGO', 'CABO', 'BJDX', 'HKIT', 'CODX']
2026-09-21 00:01:04 [INFO] main: 美股持仓 1 支: ['AAPL']
2026-09-21 00:01:08 [INFO] notifier: [PUSH] 【止盈激活】AAPL 成本 306.9286 现价 334.8700 盈利 9.10%
2026-09-21 00:01:08 [INFO] notifier: [PUSH] 【盈利提醒】AAPL 盈利 9.10% 最高价 334.8700
2026-09-21 00:01:08 [INFO] main: [SELL] AAPL 现价334.8700 -> hold (持有 盈利9.10%)
2026-09-21 00:01:08 [INFO] main: 账户余额 808629.96 USD
2026-09-21 00:01:10 [INFO] main: [BUY] ORGO 现价1.4400 -> hold (未激活)
2026-09-21 00:01:12 [INFO] main: [BUY] CABO 现价17.4200 -> hold (未满足回弹)
2026-09-21 00:01:14 [INFO] main: [BUY] BJDX 现价0.9400 -> hold (未激活)
2026-09-21 00:01:16 [INFO] main: [BUY] HKIT 现价2.5000 -> hold (未激活)
2026-09-21 00:01:18 [INFO] main: [BUY] CODX 现价0.9800 -> hold (未激活)
2026-09-21 00:01:20 [INFO] main: [BUY] LIMN 现价3.4000 -> hold (未满足回弹)
2026-09-21 00:01:22 [INFO] main: [BUY] JUNS 现价2.8600 -> hold (未满足回弹)
2026-09-21 00:01:24 [INFO] main: [BUY] ICCM 现价1.9800 -> hold (未满足回弹)
2026-09-21 00:01:26 [INFO] main: [BUY] WETO 现价1.6200 -> hold (未满足回弹)
2026-09-21 00:01:28 [INFO] main: [BUY] MSAI 现价4.7000 -> hold (未激活)
2026-09-21 00:01:30 [INFO] main: [BUY] ANVS 现价1.1600 -> hold (未激活)
2026-09-21 00:01:32 [INFO] main: [BUY] REKR 现价0.4400 -> hold (未激活)
2026-09-21 00:02:02 [INFO] main: 股票池 12 支；黑名单 0；静默期 0；无效合约 1
2026-09-21 00:02:02 [INFO] main: 股票池示例: ['ORGO', 'CABO', 'BJDX', 'HKIT', 'CODX']
2026-09-21 00:02:02 [INFO] main: 美股持仓 1 支: ['AAPL']
2026-09-21 00:02:04 [INFO] main: [SELL] AAPL 现价334.8700 -> hold (持有 盈利9.10%)
2026-09-21 00:02:04 [INFO] main: 账户余额 808629.96 USD
2026-09-21 00:02:06 [INFO] main: [BUY] ORGO 现价1.4400 -> hold (未激活)
2026-09-21 00:02:08 [INFO] main: [BUY] CABO 现价17.4200 -> hold (未满足回弹)
2026-09-21 00:02:10 [INFO] main: [BUY] BJDX 现价0.9400 -> hold (未激活)
2026-09-21 00:02:12 [INFO] main: [BUY] HKIT 现价2.5000 -> hold (未激活)
2026-09-21 00:02:14 [INFO] main: [BUY] CODX 现价0.9800 -> hold (未激活)
2026-09-21 00:02:16 [INFO] main: [BUY] LIMN 现价3.4000 -> hold (未满足回弹)
2026-09-21 00:02:18 [INFO] main: [BUY] JUNS 现价2.8600 -> hold (未满足回弹)
2026-09-21 00:02:20 [INFO] main: [BUY] ICCM 现价1.9800 -> hold (未满足回弹)
2026-09-21 00:02:22 [INFO] main: [BUY] WETO 现价1.6200 -> hold (未满足回弹)
2026-09-21 00:02:22 [INFO] main: 收到 Ctrl+C，退出
2026-09-21 00:19:31 [INFO] sell: 已加载动态止盈表 136 行，最低档 (0.065, 0.014) 最高档 (0.2, 0.0015)
2026-09-21 00:19:31 [INFO] main: === IBKR 自动交易程序启动 ===
2026-09-21 00:19:31 [INFO] ibkr: IBKRClient 加载无效合            约 1 条: {'ACGN'}
2026-09-21 00:19:31 [INFO] ibkr: 已连接 IBKR 127.0.0.1:4002 账户 ['DUQ670663']
2026-09-21 00:19:31 [INFO] ibkr: 行情类型: 3 (Delayed)
2026-09-21 00:19:32 [INFO] main: 股票池 12 支；黑名单 0；静默期 0；无效合约 1
2026-09-21 00:19:32 [INFO] main: 股票池示例: ['ORGO', 'CABO', 'BJDX', 'HKIT', 'CODX']
2026-09-21 00:19:32 [INFO] main: 股票池 12 支；黑名单 0；静默期 0；无效合约 1
2026-09-21 00:19:32 [INFO] main: 股票池示例: ['ORGO', 'CABO', 'BJDX', 'HKIT', 'CODX']
2026-09-21 00:19:32 [INFO] main: 美股持仓 1 支: ['AAPL']
2026-09-21 00:19:36 [INFO] notifier: [PUSH] 【止盈激活】AAPL 成本 306.9286 现价 334.8700 盈利 9.10%
2026-09-21 00:19:36 [INFO] notifier: [PUSH] 【盈利提醒】AAPL 盈利 9.10% 最高价 334.8700
2026-09-21 00:19:36 [INFO] main: [SELL] AAPL 现价334.8700 -> hold (持有 盈利9.10%)
2026-09-21 00:19:36 [INFO] main: 账户余额 808629.96 USD
2026-09-21 00:19:36 [ERROR] main: 主循环异常: 'IBKRClient' object has no attribute 'prices_batch'
Traceback (most recent call last):
  File "D:\A-newWarehouse\ibkr\IBKR_deepseek\ibkr_real.py", line 301, in main
    run_buy(client)
  File "D:\A-newWarehouse\ibkr\IBKR_deepseek\ibkr_real.py", line 236, in run_buy
    prices = client.prices_batch(list(candidates.keys()))
AttributeError: 'IBKRClient' object has no attribute 'prices_batch'
2026-09-21 00:19:36 [INFO] notifier: [PUSH] 【程序异常】'IBKRClient' object has no attribute 'prices_batch'
2026-09-21 00:26:29 [INFO] sell: 已加载动态止盈表 136 行，最低档 (0.065, 0.014) 最高档 (0.2, 0.0015)
2026-09-21 00:26:30 [INFO] main: === IBKR 自动交易程序启动 ===
2026-09-21 00:26:30 [INFO] ibkr: IBKRClient 加载无效合            约 1 条: {'ACGN'}
2026-09-21 00:26:30 [INFO] ibkr: 已连接 IBKR 127.0.0.1:4002 账户 ['DUQ670663']
2026-09-21 00:26:30 [INFO] ibkr: 行情类型: 3 (Delayed)
2026-09-21 00:26:31 [INFO] main: 股票池 12 支；黑名单 0；静默期 0；无效合约 1
2026-09-21 00:26:31 [INFO] main: 股票池示例: ['ORGO', 'CABO', 'BJDX', 'HKIT', 'CODX']
2026-09-21 00:26:31 [INFO] main: 股票池 12 支；黑名单 0；静默期 0；无效合约 1
2026-09-21 00:26:31 [INFO] main: 股票池示例: ['ORGO', 'CABO', 'BJDX', 'HKIT', 'CODX']
2026-09-21 00:26:31 [INFO] main: 美股持仓 1 支: ['AAPL']
2026-09-21 00:26:35 [INFO] notifier: [PUSH] 【止盈激活】AAPL 成本 306.9286 现价 334.8700 盈利 9.10%
2026-09-21 00:26:35 [INFO] notifier: [PUSH] 【盈利提醒】AAPL 盈利 9.10% 最高价 334.8700
2026-09-21 00:26:35 [INFO] main: [SELL] AAPL 现价334.8700 -> hold (持有 盈利9.10%)
2026-09-21 00:26:35 [INFO] main: 账户余额 808629.96 USD
2026-09-21 00:26:38 [INFO] main: 批量拉行情: 1/1 支成功
2026-09-21 00:26:40 [INFO] main: [BUY] ORGO 现价1.4400 -> hold (未激活)
2026-09-21 00:26:43 [INFO] main: 批量拉行情: 2/2 支成功
2026-09-21 00:26:45 [INFO] main: [BUY] CABO 现价17.4200 -> hold (未满足回弹)
2026-09-21 00:26:48 [INFO] main: 批量拉行情: 3/3 支成功
2026-09-21 00:26:50 [INFO] main: [BUY] BJDX 现价0.9400 -> hold (未激活)
2026-09-21 00:26:53 [INFO] main: 批量拉行情: 4/4 支成功
2026-09-21 00:26:55 [INFO] main: [BUY] HKIT 现价2.5000 -> hold (未激活)
2026-09-21 00:26:58 [INFO] main: 批量拉行情: 5/5 支成功
2026-09-21 00:27:00 [INFO] main: [BUY] CODX 现价0.9800 -> hold (未激活)
2026-09-21 00:27:03 [INFO] main: 批量拉行情: 6/6 支成功
2026-09-21 00:27:05 [INFO] main: [BUY] LIMN 现价3.4000 -> hold (未满足回弹)
2026-09-21 00:27:08 [INFO] main: 批量拉行情: 7/7 支成功
2026-09-21 00:27:10 [INFO] main: [BUY] JUNS 现价2.8600 -> hold (未满足回弹)
2026-09-21 00:27:13 [INFO] main: 批量拉行情: 8/8 支成功
2026-09-21 00:27:15 [INFO] main: [BUY] ICCM 现价1.9800 -> hold (未满足回弹)
2026-09-21 00:27:18 [INFO] main: 批量拉行情: 9/9 支成功
2026-09-21 00:27:20 [INFO] main: 收到 Ctrl+C，退出
2026-09-21 00:29:25 [INFO] sell: 已加载动态止盈表 136 行，最低档 (0.065, 0.014) 最高档 (0.2, 0.0015)
2026-09-21 00:29:25 [INFO] main: === IBKR 自动交易程序启动 ===
2026-09-21 00:29:25 [INFO] ibkr: IBKRClient 加载无效合            约 1 条: {'ACGN'}
2026-09-21 00:29:25 [INFO] ibkr: 已连接 IBKR 127.0.0.1:4002 账户 ['DUQ670663']
2026-09-21 00:29:25 [INFO] ibkr: 行情类型: 3 (Delayed)
2026-09-21 00:29:26 [INFO] main: 股票池 12 支；黑名单 0；静默期 0；无效合约 1
2026-09-21 00:29:26 [INFO] main: 股票池示例: ['ORGO', 'CABO', 'BJDX', 'HKIT', 'CODX']
2026-09-21 00:29:26 [INFO] main: 股票池 12 支；黑名单 0；静默期 0；无效合约 1
2026-09-21 00:29:26 [INFO] main: 股票池示例: ['ORGO', 'CABO', 'BJDX', 'HKIT', 'CODX']
2026-09-21 00:29:26 [INFO] main: 美股持仓 1 支: ['AAPL']
2026-09-21 00:29:29 [INFO] main: 持仓行情: 1/1 支成功
2026-09-21 00:29:31 [INFO] notifier: [PUSH] 【止盈激活】AAPL 成本 306.9286 现价 334.8700 盈利 9.10%
2026-09-21 00:29:31 [INFO] notifier: [PUSH] 【盈利提醒】AAPL 盈利 9.10% 最高价 334.8700
2026-09-21 00:29:31 [INFO] main: [SELL] AAPL 现价334.8700 -> hold (持有 盈利9.10%)
2026-09-21 00:29:31 [INFO] main: 账户余额 808629.96 USD
2026-09-21 00:29:34 [INFO] main: 批量拉行情: 12/12 支成功
2026-09-21 00:29:34 [INFO] main: [BUY] ORGO 现价1.4400 -> hold (未激活)
2026-09-21 00:29:34 [INFO] main: [BUY] CABO 现价17.4200 -> hold (未满足回弹)
2026-09-21 00:29:34 [INFO] main: [BUY] BJDX 现价0.9400 -> hold (未激活)
2026-09-21 00:29:34 [INFO] main: [BUY] HKIT 现价2.5000 -> hold (未激活)
2026-09-21 00:29:34 [INFO] main: [BUY] CODX 现价0.9800 -> hold (未激活)
2026-09-21 00:29:34 [INFO] main: [BUY] LIMN 现价3.4000 -> hold (未满足回弹)
2026-09-21 00:29:34 [INFO] main: [BUY] JUNS 现价2.8600 -> hold (未满足回弹)
2026-09-21 00:29:34 [INFO] main: [BUY] ICCM 现价1.9800 -> hold (未满足回弹)
2026-09-21 00:29:34 [INFO] main: [BUY] WETO 现价1.6200 -> hold (未满足回弹)
2026-09-21 00:29:34 [INFO] main: [BUY] MSAI 现价4.7000 -> hold (未激活)
2026-09-21 00:29:34 [INFO] main: [BUY] ANVS 现价1.1600 -> hold (未激活)
2026-09-21 00:29:34 [INFO] main: [BUY] REKR 现价0.4400 -> hold (未激活)
2026-09-21 00:30:04 [INFO] main: 股票池 12 支；黑名单 0；静默期 0；无效合约 1
2026-09-21 00:30:04 [INFO] main: 股票池示例: ['ORGO', 'CABO', 'BJDX', 'HKIT', 'CODX']
2026-09-21 00:30:04 [INFO] main: 美股持仓 1 支: ['AAPL']
2026-09-21 00:30:07 [INFO] main: 持仓行情: 1/1 支成功
2026-09-21 00:30:09 [INFO] main: [SELL] AAPL 现价334.8700 -> hold (持有 盈利9.10%)
2026-09-21 00:30:09 [INFO] main: 账户余额 808629.96 USD
2026-09-21 00:30:12 [INFO] main: 批量拉行情: 12/12 支成功
2026-09-21 00:30:12 [INFO] main: [BUY] ORGO 现价1.4400 -> hold (未激活)
2026-09-21 00:30:12 [INFO] main: [BUY] CABO 现价17.4200 -> hold (未满足回弹)
2026-09-21 00:30:12 [INFO] main: [BUY] BJDX 现价0.9400 -> hold (未激活)
2026-09-21 00:30:12 [INFO] main: [BUY] HKIT 现价2.5000 -> hold (未激活)
2026-09-21 00:30:12 [INFO] main: [BUY] CODX 现价0.9800 -> hold (未激活)
2026-09-21 00:30:12 [INFO] main: [BUY] LIMN 现价3.4000 -> hold (未满足回弹)
2026-09-21 00:30:12 [INFO] main: [BUY] JUNS 现价2.8600 -> hold (未满足回弹)
2026-09-21 00:30:12 [INFO] main: [BUY] ICCM 现价1.9800 -> hold (未满足回弹)
2026-09-21 00:30:12 [INFO] main: [BUY] WETO 现价1.6200 -> hold (未满足回弹)
2026-09-21 00:30:12 [INFO] main: [BUY] MSAI 现价4.7000 -> hold (未激活)
2026-09-21 00:30:12 [INFO] main: [BUY] ANVS 现价1.1600 -> hold (未激活)
2026-09-21 00:30:12 [INFO] main: [BUY] REKR 现价0.4400 -> hold (未激活)
2026-09-21 00:30:13 [INFO] main: 收到 Ctrl+C，退出
2026-09-21 00:44:04 [INFO] notifier: [PUSH] 【测试】交易推送 1
2026-09-21 00:44:05 [INFO] notifier: [PUSH] 【测试】交易推送 2
2026-09-21 01:00:32 [INFO] sell: 已加载动态止盈表 136 行，最低档 (0.065, 0.014) 最高档 (0.2, 0.0015)
2026-09-21 01:00:32 [INFO] main: === IBKR 自动交易程序启动 ===
2026-09-21 01:00:32 [INFO] ibkr: IBKRClient 加载无效合            约 1 条: {'ACGN'}
2026-09-21 01:00:33 [INFO] ibkr: 已连接 IBKR 127.0.0.1:4002 账户 ['DUQ670663']
2026-09-21 01:00:33 [INFO] ibkr: 行情类型: 3 (Delayed)
2026-09-21 01:00:36 [INFO] main: 股票池 12 支；黑名单 0；静默期 0；无效合约 1
2026-09-21 01:00:36 [INFO] main: 股票池示例: ['ORGO', 'CABO', 'BJDX', 'HKIT', 'CODX']
2026-09-21 01:00:36 [INFO] main: 股票池 12 支；黑名单 0；静默期 0；无效合约 1
2026-09-21 01:00:36 [INFO] main: 股票池示例: ['ORGO', 'CABO', 'BJDX', 'HKIT', 'CODX']
2026-09-21 01:00:36 [INFO] main: 美股持仓 1 支: ['AAPL']
2026-09-21 01:00:39 [INFO] main: 持仓行情: 1/1 支成功
2026-09-21 01:00:42 [INFO] notifier: [PUSH] 【止盈激活】AAPL 成本 306.9286 现价 334.8700 盈利 9.10%
2026-09-21 01:00:42 [INFO] notifier: [PUSH] 【盈利提醒】AAPL 盈利 9.10% 最高价 334.8700
2026-09-21 01:00:42 [INFO] main: [SELL] AAPL 现价334.8700 -> hold (持有 盈利9.10%)
2026-09-21 01:00:43 [INFO] main: 账户余额 808629.96 USD
2026-09-21 01:00:46 [INFO] main: 批量拉行情: 12/12 支成功
2026-09-21 01:00:46 [INFO] main: [BUY] ORGO 现价1.4400 -> hold (未激活)
2026-09-21 01:00:46 [INFO] main: [BUY] CABO 现价17.4200 -> hold (未满足回弹)
2026-09-21 01:00:46 [INFO] main: [BUY] BJDX 现价0.9400 -> hold (未激活)
2026-09-21 01:00:46 [INFO] main: [BUY] HKIT 现价2.5000 -> hold (未激活)
2026-09-21 01:00:46 [INFO] main: [BUY] CODX 现价0.9800 -> hold (未激活)
2026-09-21 01:00:46 [INFO] main: [BUY] LIMN 现价3.4000 -> hold (未满足回弹)
2026-09-21 01:00:46 [INFO] main: [BUY] JUNS 现价2.8600 -> hold (未满足回弹)
2026-09-21 01:00:46 [INFO] main: [BUY] ICCM 现价1.9800 -> hold (未满足回弹)
2026-09-21 01:00:46 [INFO] main: [BUY] WETO 现价1.6200 -> hold (未满足回弹)
2026-09-21 01:00:46 [INFO] main: [BUY] MSAI 现价4.7000 -> hold (未激活)
2026-09-21 01:00:46 [INFO] main: [BUY] ANVS 现价1.1600 -> hold (未激活)
2026-09-21 01:00:46 [INFO] main: [BUY] REKR 现价0.4400 -> hold (未激活)
2026-09-21 01:01:16 [INFO] main: 股票池 12 支；黑名单 0；静默期 0；无效合约 1
2026-09-21 01:01:16 [INFO] main: 股票池示例: ['ORGO', 'CABO', 'BJDX', 'HKIT', 'CODX']
2026-09-21 01:01:16 [INFO] main: 美股持仓 1 支: ['AAPL']
2026-09-21 01:01:18 [INFO] main: 收到 Ctrl+C，退出
2026-09-21 01:02:31 [INFO] ibkr: IBKRClient 加载无效合            约 1 条: {'ACGN'}
2026-09-21 01:02:31 [INFO] ibkr: 已连接 IBKR 127.0.0.1:4002 账户 ['DUQ670663']
2026-09-21 01:02:31 [INFO] ibkr: 行情类型: 3 (Delayed)
2026-09-21 01:02:34 [INFO] ibkr: 买入 ORGO 数量 211 状态 PreSubmitted
